// Vitest Snapshot v1, https://vitest.dev/guide/snapshot.html

exports[`RAW TEXT 格式（黄金快照） > 完整排盘文本与 PRD §14 结构一致 1`] = `
"起卦方式：电脑起卦

公历时间：2026年08月24日 14时42分
农历时间：二〇二六年 七月十二日 未时

干支：丙午年 丙申月 庚午日 癸未时
日空：戌亥

神煞：
驿马—申
桃花—卯
日禄—申
贵人—寅午
天喜—丑
天医—巳
灾煞—子
劫煞—亥
谋星—辰
华盖—戌
将星—午
文昌—亥
羊刃—酉

卦身：亥

本卦：坎为水（坎宫六冲）
变卦：水雷屯（坎宫）

卦爻：
上爻：腾蛇 兄弟戊子水 世 少阴
五爻：勾陈 官鬼戊戌土 少阳
四爻：朱雀 父母戊申金 少阴
三爻：青龙 妻财戊午火 应 少阴
二爻：玄武 官鬼戊辰土 老阳动 变 子孙庚寅木
初爻：白虎 子孙戊寅木 老阴动 变 兄弟庚子水"
`;
